------------------------------------------------------------
TimeQuest Timing Analyzer Summary
------------------------------------------------------------

Type  : Slow 1100mV 85C Model Setup '\PLL_RTL:PLL_inst|pll_inst|altera_pll_i|general[0].gpll~PLL_OUTPUT_COUNTER|divclk'
Slack : -13.578
TNS   : -230.110

Type  : Slow 1100mV 85C Model Setup '\PLL_RTL:PLL_inst|pll_inst|altera_pll_i|general[1].gpll~PLL_OUTPUT_COUNTER|divclk'
Slack : -0.448
TNS   : -6.084

Type  : Slow 1100mV 85C Model Setup 'altera_reserved_tck'
Slack : 11.023
TNS   : 0.000

Type  : Slow 1100mV 85C Model Hold '\PLL_RTL:PLL_inst|pll_inst|altera_pll_i|general[0].gpll~PLL_OUTPUT_COUNTER|divclk'
Slack : 0.342
TNS   : 0.000

Type  : Slow 1100mV 85C Model Hold '\PLL_RTL:PLL_inst|pll_inst|altera_pll_i|general[1].gpll~PLL_OUTPUT_COUNTER|divclk'
Slack : 0.343
TNS   : 0.000

Type  : Slow 1100mV 85C Model Hold 'altera_reserved_tck'
Slack : 0.558
TNS   : 0.000

Type  : Slow 1100mV 85C Model Recovery 'altera_reserved_tck'
Slack : 30.092
TNS   : 0.000

Type  : Slow 1100mV 85C Model Removal 'altera_reserved_tck'
Slack : 0.910
TNS   : 0.000

Type  : Slow 1100mV 85C Model Minimum Pulse Width '\PLL_RTL:PLL_inst|pll_inst|altera_pll_i|general[0].gpll~FRACTIONAL_PLL|vcoph[0]'
Slack : 1.666
TNS   : 0.000

Type  : Slow 1100mV 85C Model Minimum Pulse Width '\PLL_RTL:PLL_inst|pll_inst|altera_pll_i|general[0].gpll~PLL_OUTPUT_COUNTER|divclk'
Slack : 3.630
TNS   : 0.000

Type  : Slow 1100mV 85C Model Minimum Pulse Width 'CLOCK_50'
Slack : 9.731
TNS   : 0.000

Type  : Slow 1100mV 85C Model Minimum Pulse Width 'altera_reserved_tck'
Slack : 15.095
TNS   : 0.000

Type  : Slow 1100mV 85C Model Minimum Pulse Width '\PLL_RTL:PLL_inst|pll_inst|altera_pll_i|general[1].gpll~PLL_OUTPUT_COUNTER|divclk'
Slack : 498.627
TNS   : 0.000

Type  : Slow 1100mV 0C Model Setup '\PLL_RTL:PLL_inst|pll_inst|altera_pll_i|general[0].gpll~PLL_OUTPUT_COUNTER|divclk'
Slack : -14.966
TNS   : -257.182

Type  : Slow 1100mV 0C Model Setup '\PLL_RTL:PLL_inst|pll_inst|altera_pll_i|general[1].gpll~PLL_OUTPUT_COUNTER|divclk'
Slack : -0.094
TNS   : -1.171

Type  : Slow 1100mV 0C Model Setup 'altera_reserved_tck'
Slack : 11.130
TNS   : 0.000

Type  : Slow 1100mV 0C Model Hold '\PLL_RTL:PLL_inst|pll_inst|altera_pll_i|general[1].gpll~PLL_OUTPUT_COUNTER|divclk'
Slack : 0.323
TNS   : 0.000

Type  : Slow 1100mV 0C Model Hold '\PLL_RTL:PLL_inst|pll_inst|altera_pll_i|general[0].gpll~PLL_OUTPUT_COUNTER|divclk'
Slack : 0.324
TNS   : 0.000

Type  : Slow 1100mV 0C Model Hold 'altera_reserved_tck'
Slack : 0.526
TNS   : 0.000

Type  : Slow 1100mV 0C Model Recovery 'altera_reserved_tck'
Slack : 30.148
TNS   : 0.000

Type  : Slow 1100mV 0C Model Removal 'altera_reserved_tck'
Slack : 0.852
TNS   : 0.000

Type  : Slow 1100mV 0C Model Minimum Pulse Width '\PLL_RTL:PLL_inst|pll_inst|altera_pll_i|general[0].gpll~FRACTIONAL_PLL|vcoph[0]'
Slack : 1.666
TNS   : 0.000

Type  : Slow 1100mV 0C Model Minimum Pulse Width '\PLL_RTL:PLL_inst|pll_inst|altera_pll_i|general[0].gpll~PLL_OUTPUT_COUNTER|divclk'
Slack : 3.575
TNS   : 0.000

Type  : Slow 1100mV 0C Model Minimum Pulse Width 'CLOCK_50'
Slack : 9.741
TNS   : 0.000

Type  : Slow 1100mV 0C Model Minimum Pulse Width 'altera_reserved_tck'
Slack : 15.088
TNS   : 0.000

Type  : Slow 1100mV 0C Model Minimum Pulse Width '\PLL_RTL:PLL_inst|pll_inst|altera_pll_i|general[1].gpll~PLL_OUTPUT_COUNTER|divclk'
Slack : 498.572
TNS   : 0.000

Type  : Fast 1100mV 85C Model Setup '\PLL_RTL:PLL_inst|pll_inst|altera_pll_i|general[0].gpll~PLL_OUTPUT_COUNTER|divclk'
Slack : -0.927
TNS   : -9.342

Type  : Fast 1100mV 85C Model Setup '\PLL_RTL:PLL_inst|pll_inst|altera_pll_i|general[1].gpll~PLL_OUTPUT_COUNTER|divclk'
Slack : 4.309
TNS   : 0.000

Type  : Fast 1100mV 85C Model Setup 'altera_reserved_tck'
Slack : 13.972
TNS   : 0.000

Type  : Fast 1100mV 85C Model Hold 'altera_reserved_tck'
Slack : 0.152
TNS   : 0.000

Type  : Fast 1100mV 85C Model Hold '\PLL_RTL:PLL_inst|pll_inst|altera_pll_i|general[0].gpll~PLL_OUTPUT_COUNTER|divclk'
Slack : 0.169
TNS   : 0.000

Type  : Fast 1100mV 85C Model Hold '\PLL_RTL:PLL_inst|pll_inst|altera_pll_i|general[1].gpll~PLL_OUTPUT_COUNTER|divclk'
Slack : 0.173
TNS   : 0.000

Type  : Fast 1100mV 85C Model Recovery 'altera_reserved_tck'
Slack : 31.488
TNS   : 0.000

Type  : Fast 1100mV 85C Model Removal 'altera_reserved_tck'
Slack : 0.334
TNS   : 0.000

Type  : Fast 1100mV 85C Model Minimum Pulse Width '\PLL_RTL:PLL_inst|pll_inst|altera_pll_i|general[0].gpll~FRACTIONAL_PLL|vcoph[0]'
Slack : 1.666
TNS   : 0.000

Type  : Fast 1100mV 85C Model Minimum Pulse Width '\PLL_RTL:PLL_inst|pll_inst|altera_pll_i|general[0].gpll~PLL_OUTPUT_COUNTER|divclk'
Slack : 3.894
TNS   : 0.000

Type  : Fast 1100mV 85C Model Minimum Pulse Width 'CLOCK_50'
Slack : 9.336
TNS   : 0.000

Type  : Fast 1100mV 85C Model Minimum Pulse Width 'altera_reserved_tck'
Slack : 14.988
TNS   : 0.000

Type  : Fast 1100mV 85C Model Minimum Pulse Width '\PLL_RTL:PLL_inst|pll_inst|altera_pll_i|general[1].gpll~PLL_OUTPUT_COUNTER|divclk'
Slack : 498.888
TNS   : 0.000

Type  : Fast 1100mV 0C Model Setup '\PLL_RTL:PLL_inst|pll_inst|altera_pll_i|general[0].gpll~PLL_OUTPUT_COUNTER|divclk'
Slack : -0.454
TNS   : -3.733

Type  : Fast 1100mV 0C Model Setup '\PLL_RTL:PLL_inst|pll_inst|altera_pll_i|general[1].gpll~PLL_OUTPUT_COUNTER|divclk'
Slack : 4.851
TNS   : 0.000

Type  : Fast 1100mV 0C Model Setup 'altera_reserved_tck'
Slack : 14.245
TNS   : 0.000

Type  : Fast 1100mV 0C Model Hold 'altera_reserved_tck'
Slack : 0.148
TNS   : 0.000

Type  : Fast 1100mV 0C Model Hold '\PLL_RTL:PLL_inst|pll_inst|altera_pll_i|general[0].gpll~PLL_OUTPUT_COUNTER|divclk'
Slack : 0.158
TNS   : 0.000

Type  : Fast 1100mV 0C Model Hold '\PLL_RTL:PLL_inst|pll_inst|altera_pll_i|general[1].gpll~PLL_OUTPUT_COUNTER|divclk'
Slack : 0.158
TNS   : 0.000

Type  : Fast 1100mV 0C Model Recovery 'altera_reserved_tck'
Slack : 31.637
TNS   : 0.000

Type  : Fast 1100mV 0C Model Removal 'altera_reserved_tck'
Slack : 0.285
TNS   : 0.000

Type  : Fast 1100mV 0C Model Minimum Pulse Width '\PLL_RTL:PLL_inst|pll_inst|altera_pll_i|general[0].gpll~FRACTIONAL_PLL|vcoph[0]'
Slack : 1.666
TNS   : 0.000

Type  : Fast 1100mV 0C Model Minimum Pulse Width '\PLL_RTL:PLL_inst|pll_inst|altera_pll_i|general[0].gpll~PLL_OUTPUT_COUNTER|divclk'
Slack : 3.895
TNS   : 0.000

Type  : Fast 1100mV 0C Model Minimum Pulse Width 'CLOCK_50'
Slack : 9.286
TNS   : 0.000

Type  : Fast 1100mV 0C Model Minimum Pulse Width 'altera_reserved_tck'
Slack : 15.022
TNS   : 0.000

Type  : Fast 1100mV 0C Model Minimum Pulse Width '\PLL_RTL:PLL_inst|pll_inst|altera_pll_i|general[1].gpll~PLL_OUTPUT_COUNTER|divclk'
Slack : 498.888
TNS   : 0.000

------------------------------------------------------------
